// Jest Snapshot v1, https://goo.gl/fbAQLP

exports[`initial data from url initial undefined data 1`] = `1`;

exports[`initial data from url initial undefined data 2`] = `10`;

exports[`initial data from url initial undefined data 3`] = `""`;

exports[`initial data from url initial undefined data 4`] = `false`;

exports[`initial data from url initial undefined data 5`] = `Array []`;

exports[`initial data from url initial undefined data 6`] = `
Object {
  "end": "",
  "start": "",
}
`;
